// Jest Snapshot v1, https://goo.gl/fbAQLP

exports[`Playfield should match snapshot 1`] = `
<PlayfieldWrapper>
  <Logo
    changeColors={false}
    colors={
      Array [
        "white",
        "red",
        "blue",
        "yellow",
        "fuchsia",
        "lime",
      ]
    }
    height={138}
    width={150}
  />
  <Sound
    playSound={false}
  />
</PlayfieldWrapper>
`;
