// Jest Snapshot v1, https://goo.gl/fbAQLP

exports[`Game should match snapshot 1`] = `
<Loop>
  <GameWrapper
    isPaused={false}
    onClick={[Function]}
  >
    <Playfield
      isPaused={false}
      key="test"
    />
  </GameWrapper>
</Loop>
`;
