// Jest Snapshot v1, https://goo.gl/fbAQLP

exports[`Logo should match snapshot 1`] = `
<LogoElement
  colorValue="red"
  heightValue={100}
  positionX={0}
  positionY={0}
  widthValue={100}
>
  <ForwardRef />
</LogoElement>
`;
