// Jest Snapshot v1, https://goo.gl/fbAQLP

exports[`Sound should match snapshot 1`] = `""`;
